// Jest Snapshot v1, https://goo.gl/fbAQLP

exports[`should render ExpenseListFilter correctly 1`] = `undefined`;

exports[`should rendeur ExpenseListFilter correctly 1`] = `undefined`;
