// Jest Snapshot v1, https://goo.gl/fbAQLP

exports[`should test home page 1`] = `
<div>
  <Connect(ExpensesSummary) />
  <Connect(ExpenseListFiter) />
  <Connect(ExpenseList) />
</div>
`;
